#
# A fatal error has been detected by the Java Runtime Environment:
#
#  EXCEPTION_ACCESS_VIOLATION (0xc0000005) at pc=0x00007ff827f4d756, pid=19220, tid=19076
#
# JRE version: Java(TM) SE Runtime Environment (21.0.7+8) (build 21.0.7+8-LTS-245)
# Java VM: Java HotSpot(TM) 64-Bit Server VM (21.0.7+8-LTS-245, mixed mode, sharing, tiered, compressed oops, compressed class ptrs, g1 gc, windows-amd64)
# Problematic frame:
# V  [jvm.dll+0x13d756]
#
# No core dump will be written. Minidumps are not enabled by default on client versions of Windows
#
# If you would like to submit a bug report, please visit:
#   https://bugreport.java.com/bugreport/crash.jsp
#

---------------  S U M M A R Y ------------

Command Line: -javaagent:C:\Program Files\JetBrains\IntelliJ IDEA Community Edition 2025.1.2\lib\idea_rt.jar=56408 -Dfile.encoding=UTF-8 -Dsun.stdout.encoding=UTF-8 -Dsun.stderr.encoding=UTF-8 com.example.event_management.EventManagementApplication

Host: 11th Gen Intel(R) Core(TM) i5-1135G7 @ 2.40GHz, 8 cores, 15G,  Windows 11 , 64 bit Build 26100 (10.0.26100.5074)
Time: Wed Sep 10 01:31:06 2025 India Standard Time elapsed time: 1804.589114 seconds (0d 0h 30m 4s)

---------------  T H R E A D  ---------------

Current thread (0x00000210e80510d0):  WorkerThread "G1 Conc#1"      [id=19076, stack(0x000000ec4c700000,0x000000ec4c800000) (1024K)]

Stack: [0x000000ec4c700000,0x000000ec4c800000],  sp=0x000000ec4c7ff888,  free space=1022k
Native frames: (J=compiled Java code, j=interpreted, Vv=VM code, C=native code)
V  [jvm.dll+0x13d756]


siginfo: EXCEPTION_ACCESS_VIOLATION (0xc0000005), reading address 0x00000211a21a1da8


Registers:
RAX=0x0000000000140102, RBX=0x00000210834a9b01, RCX=0x0000000705800ae0, RDX=0x0000000705800ae0
RSP=0x000000ec4c7ff888, RBP=0x0000000000000001, RSI=0x0000021083486960, RDI=0x0000000705800ae0
R8 =0x00000211a21a1da0, R9 =0x0000000000000005, R10=0x0000021083431800, R11=0x0000000000000003
R12=0x0000000000000000, R13=0xaaaaaaaaaaaaaaab, R14=0x00000210a30feae8, R15=0x0000000705800aa0
RIP=0x00007ff827f4d756, EFLAGS=0x0000000000010206


Register to memory mapping:

RAX=0x0000000000140102 is an unknown value
RBX=0x00000210834a9b01 points into unknown readable memory: 00 00 00 00 00 00 00
RCX=
[error occurred during error reporting (printing register info), id 0xc0000005, EXCEPTION_ACCESS_VIOLATION (0xc0000005) at pc=0x00007ff827f4d756]
RDX=
[error occurred during error reporting (printing register info, attempt 2), id 0xc0000005, EXCEPTION_ACCESS_VIOLATION (0xc0000005) at pc=0x00007ff827f4d756]
RSP=0x000000ec4c7ff888 points into unknown readable memory: 0x00007ff8281283ca | ca 83 12 28 f8 7f 00 00
RBP=0x0000000000000001 is an unknown value
RSI=0x0000021083486960 points into unknown readable memory: 0x0000021083499090 | 90 90 49 83 10 02 00 00
RDI=
[error occurred during error reporting (printing register info, attempt 3), id 0xc0000005, EXCEPTION_ACCESS_VIOLATION (0xc0000005) at pc=0x00007ff827f4d756]
Top of Stack: (sp=0x000000ec4c7ff888)
0x000000ec4c7ff888:   00007ff8281283ca 0000000000000000
0x000000ec4c7ff898:   00007ff828128336 0000409a3bf58498
0x000000ec4c7ff8a8:   00007ff828128336 0000000705800ae0
0x000000ec4c7ff8b8:   00007ff82812819f 00000210834a9b50
0x000000ec4c7ff8c8:   000000ec4c7ffa80 00000210a30fead8
0x000000ec4c7ff8d8:   000000ec4c7ffa80 0000000705800acc
0x000000ec4c7ff8e8:   00007ff828125b0d 0000000705800ac4
0x000000ec4c7ff8f8:   00007ff82812625d 0000000705800d54
0x000000ec4c7ff908:   00007ff828125b0d 000000ec4c7ffa40
0x000000ec4c7ff918:   0000000000000000 0000000705800aa0
0x000000ec4c7ff928:   00007ff828125752 00000210a30fe590
0x000000ec4c7ff938:   0000000000000008 000000ec4c7ffa80
0x000000ec4c7ff948:   00007ff828125752 0000000705800aa0
0x000000ec4c7ff958:   00007ff828142cda 00000210834a9b50
0x000000ec4c7ff968:   0000000000000040 0000000000000042
0x000000ec4c7ff978:   00007ff828144f60 0000000000000001
0x000000ec4c7ff988:   0000000705b2fb58 000000ec4c7ffa40
0x000000ec4c7ff998:   0000021083486970 00000000001a5f6b
0x000000ec4c7ff9a8:   00007ff82814182c 00000000001a5f6b
0x000000ec4c7ff9b8:   000000ec4b8ff570 0000000705800aa0
0x000000ec4c7ff9c8:   00007ff828142e74 00000000001c0000
0x000000ec4c7ff9d8:   00007ff82814335c 0000000705b2fb48
0x000000ec4c7ff9e8:   00000000001a5f6b 0000000000000001
0x000000ec4c7ff9f8:   00000210834a9b50 00000210e8e6e660
0x000000ec4c7ffa08:   0000000000000001 00000210834a9b50
0x000000ec4c7ffa18:   00007ff8281420ef 00000210834a9be8
0x000000ec4c7ffa28:   0000000000000000 000000ec4b8ff501
0x000000ec4c7ffa38:   0000000000000000 0000021083486960
0x000000ec4c7ffa48:   00000210834a9b50 0000000705a8bf20
0x000000ec4c7ffa58:   000000000002e81c 0000000705a8bf20
0x000000ec4c7ffa68:   000000000002e81c 0000000000000000
0x000000ec4c7ffa78:   000000000015752a 00007ff8287e2d88 

Instructions: (pc=0x00007ff827f4d756)
0x00007ff827f4d656:   4c 63 c0 41 8b c1 48 c1 f8 10 48 63 14 19 41 8b
0x00007ff827f4d666:   c9 83 e1 3f 48 d3 e2 0f b6 c8 49 8d 04 10 49 f7
0x00007ff827f4d676:   d0 48 03 c8 49 c1 e8 03 48 c1 e9 03 49 23 c8 eb
0x00007ff827f4d686:   12 49 8b 00 48 8b d3 49 8b c8 ff 90 00 01 00 00
0x00007ff827f4d696:   48 8b c8 48 89 1f 48 8b c7 48 8b 5c 24 30 48 89
0x00007ff827f4d6a6:   4f 08 48 83 c4 20 5f c3 cc cc 0f b6 05 03 0f a8
0x00007ff827f4d6b6:   00 48 8b d1 84 c0 74 16 44 8b 41 08 8b 0d c0 f8
0x00007ff827f4d6c6:   a7 00 49 d3 e0 4c 03 05 ae f8 a7 00 eb 04 4c 8b
0x00007ff827f4d6d6:   41 08 45 8b 48 08 45 85 c9 7e 0e 41 f6 c1 01 75
0x00007ff827f4d6e6:   53 41 c1 f9 03 49 63 c1 c3 79 49 84 c0 41 b8 0c
0x00007ff827f4d6f6:   00 00 00 8b 05 d9 09 a8 00 b9 10 00 00 00 41 0f
0x00007ff827f4d706:   45 c8 ff c8 4c 63 c0 41 8b c1 48 c1 f8 10 0f b6
0x00007ff827f4d716:   c0 48 63 14 11 41 8b c9 83 e1 3f 48 d3 e2 49 8d
0x00007ff827f4d726:   0c 10 49 f7 d0 48 03 c1 49 c1 e8 03 48 c1 e8 03
0x00007ff827f4d736:   49 23 c0 c3 49 8b 00 49 8b c8 48 ff a0 00 01 00
0x00007ff827f4d746:   00 cc cc cc cc cc cc cc cc cc 4c 8b c2 48 8b d1
0x00007ff827f4d756:   45 8b 48 08 45 85 c9 7e 0e 41 f6 c1 01 75 56 41
0x00007ff827f4d766:   c1 f9 03 49 63 c1 c3 79 4c 80 3d 44 0e a8 00 00
0x00007ff827f4d776:   b8 0c 00 00 00 b9 10 00 00 00 0f 45 c8 8b 05 4f
0x00007ff827f4d786:   09 a8 00 ff c8 4c 63 c0 41 8b c1 48 c1 f8 10 48
0x00007ff827f4d796:   63 14 11 41 8b c9 83 e1 3f 0f b6 c0 48 d3 e2 49
0x00007ff827f4d7a6:   8d 0c 10 49 f7 d0 48 03 c1 49 c1 e8 03 48 c1 e8
0x00007ff827f4d7b6:   03 49 23 c0 c3 49 8b 00 49 8b c8 48 ff a0 00 01
0x00007ff827f4d7c6:   00 00 cc cc cc cc cc cc cc cc 48 83 ec 28 ba 37
0x00007ff827f4d7d6:   00 00 00 48 8d 0d 78 96 85 00 e8 bb 07 14 00 cc
0x00007ff827f4d7e6:   cc cc cc cc cc cc cc cc cc cc 40 53 48 83 ec 20
0x00007ff827f4d7f6:   48 8b d9 49 8b c0 33 c9 45 0f b6 c1 48 89 0b 48
0x00007ff827f4d806:   89 4b 08 48 8b cb 48 89 53 10 48 8b d0 e8 a8 09
0x00007ff827f4d816:   00 00 48 8b c3 48 83 c4 20 5b c3 cc cc cc cc cc
0x00007ff827f4d826:   cc cc cc cc cc cc cc cc cc cc 40 53 48 83 ec 20
0x00007ff827f4d836:   33 c0 44 88 41 10 45 0f b6 c1 48 89 01 48 89 41
0x00007ff827f4d846:   08 48 8b d9 e8 81 0a 00 00 48 8b c3 48 83 c4 20 


Stack slot to memory mapping:

stack at sp + 0 slots: 0x00007ff8281283ca jvm.dll
stack at sp + 1 slots: 0x0 is null
stack at sp + 2 slots: 0x00007ff828128336 jvm.dll
stack at sp + 3 slots: 0x0000409a3bf58498 is an unknown value
stack at sp + 4 slots: 0x00007ff828128336 jvm.dll
stack at sp + 5 slots: 
[error occurred during error reporting (inspecting top of stack), id 0xc0000005, EXCEPTION_ACCESS_VIOLATION (0xc0000005) at pc=0x00007ff827f4d756]
stack at sp + 6 slots: 0x00007ff82812819f jvm.dll
stack at sp + 7 slots: 0x00000210834a9b50 points into unknown readable memory: 0x00007ff8287e2d68 | 68 2d 7e 28 f8 7f 00 00


---------------  P R O C E S S  ---------------

Threads class SMR info:
_java_thread_list=0x00000210e9b1e9e0, length=30, elements={
0x00000210a1f598e0, 0x00000210a1f5b630, 0x00000210a1f5f650, 0x00000210a1f658c0,
0x00000210a1f66400, 0x00000210a1f6a350, 0x00000210a1f6d490, 0x00000210a25e0090,
0x00000210a26cf1d0, 0x00000210a2832890, 0x00000210e86982f0, 0x00000210e8697c60,
0x00000210e8699010, 0x00000210e86996a0, 0x00000210e8699d30, 0x00000210e8696f40,
0x00000210e86975d0, 0x00000210ec1becc0, 0x00000210ec1bf350, 0x00000210ec1bd280,
0x00000210ec1bf9e0, 0x00000210ec1c0070, 0x00000210ec1bcbf0, 0x00000210ec1c0d90,
0x00000210ec1c0700, 0x00000210ec1bd910, 0x00000210ec1c1420, 0x00000210ec1bdfa0,
0x00000210ec1c1ab0, 0x00000210ec1be630
}

Java Threads: ( => current thread )
  0x00000210a1f598e0 JavaThread "Reference Handler"          daemon [_thread_blocked, id=8072, stack(0x000000ec4be00000,0x000000ec4bf00000) (1024K)]
  0x00000210a1f5b630 JavaThread "Finalizer"                  daemon [_thread_blocked, id=21820, stack(0x000000ec4bf00000,0x000000ec4c000000) (1024K)]
  0x00000210a1f5f650 JavaThread "Signal Dispatcher"          daemon [_thread_blocked, id=7176, stack(0x000000ec4c000000,0x000000ec4c100000) (1024K)]
  0x00000210a1f658c0 JavaThread "Attach Listener"            daemon [_thread_blocked, id=1280, stack(0x000000ec4c100000,0x000000ec4c200000) (1024K)]
  0x00000210a1f66400 JavaThread "Service Thread"             daemon [_thread_blocked, id=11956, stack(0x000000ec4c200000,0x000000ec4c300000) (1024K)]
  0x00000210a1f6a350 JavaThread "Monitor Deflation Thread"   daemon [_thread_blocked, id=12124, stack(0x000000ec4c300000,0x000000ec4c400000) (1024K)]
  0x00000210a1f6d490 JavaThread "C2 CompilerThread0"         daemon [_thread_blocked, id=1600, stack(0x000000ec4c400000,0x000000ec4c500000) (1024K)]
  0x00000210a25e0090 JavaThread "C1 CompilerThread0"         daemon [_thread_blocked, id=6164, stack(0x000000ec4c500000,0x000000ec4c600000) (1024K)]
  0x00000210a26cf1d0 JavaThread "Common-Cleaner"             daemon [_thread_blocked, id=21096, stack(0x000000ec4c600000,0x000000ec4c700000) (1024K)]
  0x00000210a2832890 JavaThread "Notification Thread"        daemon [_thread_blocked, id=21924, stack(0x000000ec4ca00000,0x000000ec4cb00000) (1024K)]
  0x00000210e86982f0 JavaThread "Catalina-utility-1"                [_thread_blocked, id=3056, stack(0x000000ec4cf00000,0x000000ec4d000000) (1024K)]
  0x00000210e8697c60 JavaThread "Catalina-utility-2"                [_thread_blocked, id=17680, stack(0x000000ec4d200000,0x000000ec4d300000) (1024K)]
  0x00000210e8699010 JavaThread "container-0"                       [_thread_blocked, id=2828, stack(0x000000ec4d300000,0x000000ec4d400000) (1024K)]
  0x00000210e86996a0 JavaThread "mysql-cj-abandoned-connection-cleanup" daemon [_thread_blocked, id=8268, stack(0x000000ec4c900000,0x000000ec4ca00000) (1024K)]
  0x00000210e8699d30 JavaThread "HikariPool-1 housekeeper"   daemon [_thread_blocked, id=22484, stack(0x000000ec4d400000,0x000000ec4d500000) (1024K)]
  0x00000210e8696f40 JavaThread "http-nio-8080-exec-1"       daemon [_thread_blocked, id=7052, stack(0x000000ec4d700000,0x000000ec4d800000) (1024K)]
  0x00000210e86975d0 JavaThread "http-nio-8080-exec-2"       daemon [_thread_blocked, id=3776, stack(0x000000ec4d800000,0x000000ec4d900000) (1024K)]
  0x00000210ec1becc0 JavaThread "http-nio-8080-exec-3"       daemon [_thread_blocked, id=20508, stack(0x000000ec4d900000,0x000000ec4da00000) (1024K)]
  0x00000210ec1bf350 JavaThread "http-nio-8080-exec-4"       daemon [_thread_blocked, id=8024, stack(0x000000ec4da00000,0x000000ec4db00000) (1024K)]
  0x00000210ec1bd280 JavaThread "http-nio-8080-exec-5"       daemon [_thread_blocked, id=12836, stack(0x000000ec4db00000,0x000000ec4dc00000) (1024K)]
  0x00000210ec1bf9e0 JavaThread "http-nio-8080-exec-6"       daemon [_thread_blocked, id=21784, stack(0x000000ec4dc00000,0x000000ec4dd00000) (1024K)]
  0x00000210ec1c0070 JavaThread "http-nio-8080-exec-7"       daemon [_thread_blocked, id=1308, stack(0x000000ec4dd00000,0x000000ec4de00000) (1024K)]
  0x00000210ec1bcbf0 JavaThread "http-nio-8080-exec-8"       daemon [_thread_blocked, id=20676, stack(0x000000ec4de00000,0x000000ec4df00000) (1024K)]
  0x00000210ec1c0d90 JavaThread "http-nio-8080-exec-9"       daemon [_thread_blocked, id=20632, stack(0x000000ec4df00000,0x000000ec4e000000) (1024K)]
  0x00000210ec1c0700 JavaThread "http-nio-8080-exec-10"      daemon [_thread_blocked, id=20856, stack(0x000000ec4e000000,0x000000ec4e100000) (1024K)]
  0x00000210ec1bd910 JavaThread "http-nio-8080-Poller"       daemon [_thread_in_native, id=9176, stack(0x000000ec4e100000,0x000000ec4e200000) (1024K)]
  0x00000210ec1c1420 JavaThread "http-nio-8080-Acceptor"     daemon [_thread_in_native, id=18728, stack(0x000000ec4e200000,0x000000ec4e300000) (1024K)]
  0x00000210ec1bdfa0 JavaThread "DestroyJavaVM"                     [_thread_blocked, id=20624, stack(0x000000ec4b600000,0x000000ec4b700000) (1024K)]
  0x00000210ec1c1ab0 JavaThread "HikariPool-1 connection closer" daemon [_thread_blocked, id=10576, stack(0x000000ec4b300000,0x000000ec4b400000) (1024K)]
  0x00000210ec1be630 JavaThread "HikariPool-1 connection adder" daemon [_thread_blocked, id=3948, stack(0x000000ec4b400000,0x000000ec4b500000) (1024K)]
Total: 30

Other Threads:
  0x00000210a1f3d9e0 VMThread "VM Thread"                           [id=3684, stack(0x000000ec4bd00000,0x000000ec4be00000) (1024K)]
  0x00000210a1f2eef0 WatcherThread "VM Periodic Task Thread"        [id=16588, stack(0x000000ec4bc00000,0x000000ec4bd00000) (1024K)]
  0x0000021083486270 WorkerThread "GC Thread#0"                     [id=17112, stack(0x000000ec4b700000,0x000000ec4b800000) (1024K)]
  0x00000210e87ec860 WorkerThread "GC Thread#1"                     [id=2660, stack(0x000000ec4c800000,0x000000ec4c900000) (1024K)]
  0x00000210e87ecc00 WorkerThread "GC Thread#2"                     [id=7728, stack(0x000000ec4cb00000,0x000000ec4cc00000) (1024K)]
  0x00000210e87ecfa0 WorkerThread "GC Thread#3"                     [id=2328, stack(0x000000ec4cc00000,0x000000ec4cd00000) (1024K)]
  0x00000210e87ed340 WorkerThread "GC Thread#4"                     [id=8680, stack(0x000000ec4cd00000,0x000000ec4ce00000) (1024K)]
  0x00000210e8429340 WorkerThread "GC Thread#5"                     [id=22264, stack(0x000000ec4ce00000,0x000000ec4cf00000) (1024K)]
  0x00000210e89cd4a0 WorkerThread "GC Thread#6"                     [id=5340, stack(0x000000ec4d000000,0x000000ec4d100000) (1024K)]
  0x00000210e89d0930 WorkerThread "GC Thread#7"                     [id=21464, stack(0x000000ec4d100000,0x000000ec4d200000) (1024K)]
  0x0000021083499090 ConcurrentGCThread "G1 Main Marker"            [id=1820, stack(0x000000ec4b800000,0x000000ec4b900000) (1024K)]
  0x000002108349aa40 WorkerThread "G1 Conc#0"                       [id=1156, stack(0x000000ec4b900000,0x000000ec4ba00000) (1024K)]
=>0x00000210e80510d0 WorkerThread "G1 Conc#1"                       [id=19076, stack(0x000000ec4c700000,0x000000ec4c800000) (1024K)]
  0x00000210a1dff9f0 ConcurrentGCThread "G1 Refine#0"               [id=7528, stack(0x000000ec4ba00000,0x000000ec4bb00000) (1024K)]
  0x00000210a1e00400 ConcurrentGCThread "G1 Service"                [id=10692, stack(0x000000ec4bb00000,0x000000ec4bc00000) (1024K)]
Total: 15

Threads with active compile tasks:
Total: 0

VM state: not at safepoint (normal execution)

VM Mutex/Monitor currently owned by a thread: None

Heap address: 0x0000000704e00000, size: 4018 MB, Compressed Oops mode: Zero based, Oop shift amount: 3

CDS archive(s) mapped at: [0x00000210a3000000-0x00000210a3c90000-0x00000210a3c90000), size 13172736, SharedBaseAddress: 0x00000210a3000000, ArchiveRelocationMode: 1.
Compressed class space mapped at: 0x00000210a4000000-0x00000210e4000000, reserved size: 1073741824
Narrow klass base: 0x00000210a3000000, Narrow klass shift: 0, Narrow klass range: 0x100000000

GC Precious Log:
 CardTable entry size: 512
 Card Set container configuration: InlinePtr #cards 4 size 8 Array Of Cards #cards 16 size 48 Howl #buckets 8 coarsen threshold 3686 Howl Bitmap #cards 512 size 80 coarsen threshold 460 Card regions per heap region 1 cards per card region 4096
 CPUs: 8 total, 8 available
 Memory: 16064M
 Large Page Support: Disabled
 NUMA Support: Disabled
 Compressed Oops: Enabled (Zero based)
 Heap Region Size: 2M
 Heap Min Capacity: 8M
 Heap Initial Capacity: 252M
 Heap Max Capacity: 4018M
 Pre-touch: Disabled
 Parallel Workers: 8
 Concurrent Workers: 2
 Concurrent Refinement Workers: 8
 Periodic GC: Disabled

Heap:
 garbage-first heap   total 61440K, used 33224K [0x0000000704e00000, 0x0000000800000000)
  region size 2048K, 3 young (6144K), 2 survivors (4096K)
 Metaspace       used 67365K, committed 68032K, reserved 1114112K
  class space    used 8917K, committed 9216K, reserved 1048576K

Heap Regions: E=young(eden), S=young(survivor), O=old, HS=humongous(starts), HC=humongous(continues), CS=collection set, F=free, TAMS=top-at-mark-start, PB=parsable bottom
|   0|0x0000000704e00000, 0x0000000705000000, 0x0000000705000000|100%| O|  |TAMS 0x0000000705000000| PB 0x0000000704e00000| Untracked 
|   1|0x0000000705000000, 0x0000000705200000, 0x0000000705200000|100%| O|  |TAMS 0x0000000705200000| PB 0x0000000705000000| Untracked 
|   2|0x0000000705200000, 0x0000000705400000, 0x0000000705400000|100%| O|  |TAMS 0x0000000705400000| PB 0x0000000705200000| Untracked 
|   3|0x0000000705400000, 0x0000000705600000, 0x0000000705600000|100%| O|  |TAMS 0x0000000705600000| PB 0x0000000705400000| Untracked 
|   4|0x0000000705600000, 0x0000000705800000, 0x0000000705800000|100%| O|  |TAMS 0x0000000705800000| PB 0x0000000705600000| Untracked 
|   5|0x0000000705800000, 0x0000000705a00000, 0x0000000705a00000|100%| O|  |TAMS 0x0000000705a00000| PB 0x0000000705800000| Untracked 
|   6|0x0000000705a00000, 0x0000000705c00000, 0x0000000705c00000|100%| O|  |TAMS 0x0000000705c00000| PB 0x0000000705a00000| Untracked 
|   7|0x0000000705c00000, 0x0000000705e00000, 0x0000000705e00000|100%| O|  |TAMS 0x0000000705e00000| PB 0x0000000705c00000| Untracked 
|   8|0x0000000705e00000, 0x0000000706000000, 0x0000000706000000|100%| O|  |TAMS 0x0000000706000000| PB 0x0000000705e00000| Untracked 
|   9|0x0000000706000000, 0x0000000706200000, 0x0000000706200000|100%| O|  |TAMS 0x0000000706200000| PB 0x0000000706000000| Untracked 
|  10|0x0000000706200000, 0x0000000706400000, 0x0000000706400000|100%| O|  |TAMS 0x0000000706400000| PB 0x0000000706200000| Untracked 
|  11|0x0000000706400000, 0x0000000706600000, 0x0000000706600000|100%| O|  |TAMS 0x0000000706600000| PB 0x0000000706400000| Untracked 
|  12|0x0000000706600000, 0x00000007066723a8, 0x0000000706800000| 22%| O|  |TAMS 0x0000000706600000| PB 0x0000000706600000| Untracked 
|  13|0x0000000706800000, 0x0000000706a00000, 0x0000000706a00000|100%| O|  |TAMS 0x0000000706a00000| PB 0x0000000706800000| Untracked 
|  14|0x0000000706a00000, 0x0000000706c00000, 0x0000000706c00000|100%| O|  |TAMS 0x0000000706a7ac30| PB 0x0000000706a00000| Untracked 
|  15|0x0000000706c00000, 0x0000000706c00000, 0x0000000706e00000|  0%| F|  |TAMS 0x0000000706c00000| PB 0x0000000706c00000| Untracked 
|  16|0x0000000706e00000, 0x0000000706e00000, 0x0000000707000000|  0%| F|  |TAMS 0x0000000706e00000| PB 0x0000000706e00000| Untracked 
|  17|0x0000000707000000, 0x0000000707200000, 0x0000000707200000|100%| S|CS|TAMS 0x0000000707000000| PB 0x0000000707000000| Complete 
|  18|0x0000000707200000, 0x0000000707200000, 0x0000000707400000|  0%| F|  |TAMS 0x0000000707200000| PB 0x0000000707200000| Untracked 
|  19|0x0000000707400000, 0x0000000707600000, 0x0000000707600000|100%| S|CS|TAMS 0x0000000707400000| PB 0x0000000707400000| Complete 
|  20|0x0000000707600000, 0x0000000707600000, 0x0000000707800000|  0%| F|  |TAMS 0x0000000707600000| PB 0x0000000707600000| Untracked 
|  21|0x0000000707800000, 0x0000000707800000, 0x0000000707a00000|  0%| F|  |TAMS 0x0000000707800000| PB 0x0000000707800000| Untracked 
|  22|0x0000000707a00000, 0x0000000707a00000, 0x0000000707c00000|  0%| F|  |TAMS 0x0000000707a00000| PB 0x0000000707a00000| Untracked 
|  23|0x0000000707c00000, 0x0000000707c00000, 0x0000000707e00000|  0%| F|  |TAMS 0x0000000707c00000| PB 0x0000000707c00000| Untracked 
|  24|0x0000000707e00000, 0x0000000707e00000, 0x0000000708000000|  0%| F|  |TAMS 0x0000000707e00000| PB 0x0000000707e00000| Untracked 
|  93|0x0000000710800000, 0x0000000710800000, 0x0000000710a00000|  0%| F|  |TAMS 0x0000000710800000| PB 0x0000000710800000| Untracked 
|  94|0x0000000710a00000, 0x0000000710a00000, 0x0000000710c00000|  0%| F|  |TAMS 0x0000000710a00000| PB 0x0000000710a00000| Untracked 
|  95|0x0000000710c00000, 0x0000000710c00000, 0x0000000710e00000|  0%| F|  |TAMS 0x0000000710c00000| PB 0x0000000710c00000| Untracked 
|  96|0x0000000710e00000, 0x0000000710e00000, 0x0000000711000000|  0%| F|  |TAMS 0x0000000710e00000| PB 0x0000000710e00000| Untracked 
| 125|0x0000000714800000, 0x0000000714815228, 0x0000000714a00000|  4%| E|  |TAMS 0x0000000714800000| PB 0x0000000714800000| Complete 

Card table byte_map: [0x000002109b390000,0x000002109bb70000] _byte_map_base: 0x0000021097b69000

Marking Bits: (CMBitMap*) 0x0000021083486970
 Bits: [0x000002109bb70000, 0x000002109fa38000)

Polling page: 0x0000021082bb0000

Metaspace:

Usage:
  Non-class:     57.08 MB used.
      Class:      8.71 MB used.
       Both:     65.79 MB used.

Virtual space:
  Non-class space:       64.00 MB reserved,      57.44 MB ( 90%) committed,  1 nodes.
      Class space:        1.00 GB reserved,       9.00 MB ( <1%) committed,  1 nodes.
             Both:        1.06 GB reserved,      66.44 MB (  6%) committed. 

Chunk freelists:
   Non-Class:  6.44 MB
       Class:  6.88 MB
        Both:  13.31 MB

MaxMetaspaceSize: unlimited
CompressedClassSpaceSize: 1.00 GB
Initial GC threshold: 21.00 MB
Current GC threshold: 98.12 MB
CDS: on
 - commit_granule_bytes: 65536.
 - commit_granule_words: 8192.
 - virtual_space_node_default_size: 8388608.
 - enlarge_chunks_in_place: 1.
 - use_allocation_guard: 0.


Internal statistics:

num_allocs_failed_limit: 9.
num_arena_births: 1048.
num_arena_deaths: 0.
num_vsnodes_births: 2.
num_vsnodes_deaths: 0.
num_space_committed: 1062.
num_space_uncommitted: 0.
num_chunks_returned_to_freelist: 9.
num_chunks_taken_from_freelist: 3528.
num_chunk_merges: 9.
num_chunk_splits: 2540.
num_chunks_enlarged: 1963.
num_inconsistent_stats: 0.

CodeHeap 'non-profiled nmethods': size=120000Kb used=5166Kb max_used=5166Kb free=114833Kb
 bounds [0x0000021093350000, 0x0000021093860000, 0x000002109a880000]
CodeHeap 'profiled nmethods': size=120000Kb used=13714Kb max_used=13714Kb free=106285Kb
 bounds [0x000002108b880000, 0x000002108c5f0000, 0x0000021092db0000]
CodeHeap 'non-nmethods': size=5760Kb used=1885Kb max_used=1937Kb free=3874Kb
 bounds [0x0000021092db0000, 0x0000021093020000, 0x0000021093350000]
 total_blobs=7733 nmethods=7020 adapters=616
 compilation: enabled
              stopped_count=0, restarted_count=0
 full_count=0

Compilation events (20 events):
Event: 1799.489 Thread 0x00000210a25e0090 7755       1       com.mysql.cj.protocol.a.result.OkPacket::setWarningCount (6 bytes)
Event: 1799.489 Thread 0x00000210a25e0090 nmethod 7755 0x000002109385a710 code [0x000002109385a8a0, 0x000002109385a968]
Event: 1799.489 Thread 0x00000210a25e0090 7756       1       com.mysql.cj.protocol.a.result.OkPacket::setInfo (6 bytes)
Event: 1799.489 Thread 0x00000210a25e0090 nmethod 7756 0x000002109385aa10 code [0x000002109385aba0, 0x000002109385acb8]
Event: 1799.489 Thread 0x00000210a25e0090 7757       1       com.mysql.cj.protocol.a.result.OkPacket::getStatusFlags (5 bytes)
Event: 1799.489 Thread 0x00000210a25e0090 nmethod 7757 0x000002109385ad10 code [0x000002109385aea0, 0x000002109385af68]
Event: 1799.489 Thread 0x00000210a25e0090 7758       1       com.mysql.cj.protocol.a.NativeServerSession::getServerSessionStateController (5 bytes)
Event: 1799.489 Thread 0x00000210a25e0090 nmethod 7758 0x000002109385b010 code [0x000002109385b1a0, 0x000002109385b270]
Event: 1799.489 Thread 0x00000210a25e0090 7759       1       com.mysql.cj.protocol.a.result.OkPacket::getSessionStateChanges (5 bytes)
Event: 1799.489 Thread 0x00000210a25e0090 nmethod 7759 0x000002109385b310 code [0x000002109385b4a0, 0x000002109385b570]
Event: 1799.489 Thread 0x00000210a25e0090 7760       3       com.mysql.cj.result.Field::getColumnLabel (5 bytes)
Event: 1799.490 Thread 0x00000210a25e0090 nmethod 7760 0x000002108c5e2d90 code [0x000002108c5e2f60, 0x000002108c5e31b8]
Event: 1803.339 Thread 0x00000210a25e0090 7761       1       com.mysql.cj.protocol.a.NativeCapabilities::getServerVersion (5 bytes)
Event: 1803.339 Thread 0x00000210a25e0090 nmethod 7761 0x000002109385b610 code [0x000002109385b7a0, 0x000002109385b870]
Event: 1803.339 Thread 0x00000210a25e0090 7762       3       com.mysql.cj.protocol.a.NativePacketPayload::writeBytes (73 bytes)
Event: 1803.340 Thread 0x00000210a25e0090 nmethod 7762 0x000002108c5e3310 code [0x000002108c5e34e0, 0x000002108c5e3870]
Event: 1804.566 Thread 0x00000210a25e0090 7763       3       com.mysql.cj.jdbc.ConnectionImpl::checkClosed (8 bytes)
Event: 1804.566 Thread 0x00000210a25e0090 nmethod 7763 0x000002108c5e3a10 code [0x000002108c5e3bc0, 0x000002108c5e3d20]
Event: 1804.566 Thread 0x00000210a25e0090 7764       3       com.mysql.cj.NativeSession::checkClosed (63 bytes)
Event: 1804.567 Thread 0x00000210a25e0090 nmethod 7764 0x000002108c5e3e10 code [0x000002108c5e4020, 0x000002108c5e46e8]

GC Heap History (20 events):
Event: 10.095 GC heap before
{Heap before GC invocations=4 (full 0):
 garbage-first heap   total 61440K, used 43593K [0x0000000704e00000, 0x0000000800000000)
  region size 2048K, 18 young (36864K), 4 survivors (8192K)
 Metaspace       used 25571K, committed 26048K, reserved 1114112K
  class space    used 3166K, committed 3392K, reserved 1048576K
}
Event: 10.117 GC heap after
{Heap after GC invocations=5 (full 0):
 garbage-first heap   total 61440K, used 17917K [0x0000000704e00000, 0x0000000800000000)
  region size 2048K, 2 young (4096K), 2 survivors (4096K)
 Metaspace       used 25571K, committed 26048K, reserved 1114112K
  class space    used 3166K, committed 3392K, reserved 1048576K
}
Event: 26.530 GC heap before
{Heap before GC invocations=5 (full 0):
 garbage-first heap   total 61440K, used 44541K [0x0000000704e00000, 0x0000000800000000)
  region size 2048K, 15 young (30720K), 2 survivors (4096K)
 Metaspace       used 30722K, committed 31296K, reserved 1114112K
  class space    used 3845K, committed 4096K, reserved 1048576K
}
Event: 26.540 GC heap after
{Heap after GC invocations=6 (full 0):
 garbage-first heap   total 61440K, used 19732K [0x0000000704e00000, 0x0000000800000000)
  region size 2048K, 2 young (4096K), 2 survivors (4096K)
 Metaspace       used 30722K, committed 31296K, reserved 1114112K
  class space    used 3845K, committed 4096K, reserved 1048576K
}
Event: 29.394 GC heap before
{Heap before GC invocations=6 (full 0):
 garbage-first heap   total 61440K, used 36116K [0x0000000704e00000, 0x0000000800000000)
  region size 2048K, 11 young (22528K), 2 survivors (4096K)
 Metaspace       used 35454K, committed 35968K, reserved 1114112K
  class space    used 4503K, committed 4736K, reserved 1048576K
}
Event: 29.400 GC heap after
{Heap after GC invocations=7 (full 0):
 garbage-first heap   total 61440K, used 20739K [0x0000000704e00000, 0x0000000800000000)
  region size 2048K, 1 young (2048K), 1 survivors (2048K)
 Metaspace       used 35454K, committed 35968K, reserved 1114112K
  class space    used 4503K, committed 4736K, reserved 1048576K
}
Event: 32.331 GC heap before
{Heap before GC invocations=8 (full 0):
 garbage-first heap   total 61440K, used 49411K [0x0000000704e00000, 0x0000000800000000)
  region size 2048K, 15 young (30720K), 1 survivors (2048K)
 Metaspace       used 43276K, committed 43904K, reserved 1114112K
  class space    used 5602K, committed 5888K, reserved 1048576K
}
Event: 32.336 GC heap after
{Heap after GC invocations=9 (full 0):
 garbage-first heap   total 61440K, used 23441K [0x0000000704e00000, 0x0000000800000000)
  region size 2048K, 2 young (4096K), 2 survivors (4096K)
 Metaspace       used 43276K, committed 43904K, reserved 1114112K
  class space    used 5602K, committed 5888K, reserved 1048576K
}
Event: 36.352 GC heap before
{Heap before GC invocations=9 (full 0):
 garbage-first heap   total 61440K, used 48017K [0x0000000704e00000, 0x0000000800000000)
  region size 2048K, 15 young (30720K), 2 survivors (4096K)
 Metaspace       used 51428K, committed 52032K, reserved 1114112K
  class space    used 6739K, committed 7040K, reserved 1048576K
}
Event: 36.363 GC heap after
{Heap after GC invocations=10 (full 0):
 garbage-first heap   total 61440K, used 24993K [0x0000000704e00000, 0x0000000800000000)
  region size 2048K, 1 young (2048K), 1 survivors (2048K)
 Metaspace       used 51428K, committed 52032K, reserved 1114112K
  class space    used 6739K, committed 7040K, reserved 1048576K
}
Event: 38.850 GC heap before
{Heap before GC invocations=10 (full 0):
 garbage-first heap   total 61440K, used 49569K [0x0000000704e00000, 0x0000000800000000)
  region size 2048K, 13 young (26624K), 1 survivors (2048K)
 Metaspace       used 54718K, committed 55296K, reserved 1114112K
  class space    used 7231K, committed 7488K, reserved 1048576K
}
Event: 38.856 GC heap after
{Heap after GC invocations=11 (full 0):
 garbage-first heap   total 61440K, used 25772K [0x0000000704e00000, 0x0000000800000000)
  region size 2048K, 2 young (4096K), 2 survivors (4096K)
 Metaspace       used 54718K, committed 55296K, reserved 1114112K
  class space    used 7231K, committed 7488K, reserved 1048576K
}
Event: 52.331 GC heap before
{Heap before GC invocations=11 (full 0):
 garbage-first heap   total 61440K, used 46252K [0x0000000704e00000, 0x0000000800000000)
  region size 2048K, 13 young (26624K), 2 survivors (4096K)
 Metaspace       used 59477K, committed 60096K, reserved 1114112K
  class space    used 7779K, committed 8064K, reserved 1048576K
}
Event: 52.340 GC heap after
{Heap after GC invocations=12 (full 0):
 garbage-first heap   total 61440K, used 27726K [0x0000000704e00000, 0x0000000800000000)
  region size 2048K, 2 young (4096K), 2 survivors (4096K)
 Metaspace       used 59477K, committed 60096K, reserved 1114112K
  class space    used 7779K, committed 8064K, reserved 1048576K
}
Event: 55.753 GC heap before
{Heap before GC invocations=13 (full 0):
 garbage-first heap   total 61440K, used 50254K [0x0000000704e00000, 0x0000000800000000)
  region size 2048K, 13 young (26624K), 2 survivors (4096K)
 Metaspace       used 61978K, committed 62720K, reserved 1114112K
  class space    used 8184K, committed 8512K, reserved 1048576K
}
Event: 55.766 GC heap after
{Heap after GC invocations=14 (full 0):
 garbage-first heap   total 61440K, used 29491K [0x0000000704e00000, 0x0000000800000000)
  region size 2048K, 2 young (4096K), 2 survivors (4096K)
 Metaspace       used 61978K, committed 62720K, reserved 1114112K
  class space    used 8184K, committed 8512K, reserved 1048576K
}
Event: 57.464 GC heap before
{Heap before GC invocations=14 (full 0):
 garbage-first heap   total 61440K, used 52019K [0x0000000704e00000, 0x0000000800000000)
  region size 2048K, 13 young (26624K), 2 survivors (4096K)
 Metaspace       used 64515K, committed 65280K, reserved 1114112K
  class space    used 8526K, committed 8896K, reserved 1048576K
}
Event: 57.476 GC heap after
{Heap after GC invocations=15 (full 0):
 garbage-first heap   total 61440K, used 31211K [0x0000000704e00000, 0x0000000800000000)
  region size 2048K, 2 young (4096K), 2 survivors (4096K)
 Metaspace       used 64515K, committed 65280K, reserved 1114112K
  class space    used 8526K, committed 8896K, reserved 1048576K
}
Event: 1804.493 GC heap before
{Heap before GC invocations=15 (full 0):
 garbage-first heap   total 61440K, used 51691K [0x0000000704e00000, 0x0000000800000000)
  region size 2048K, 12 young (24576K), 2 survivors (4096K)
 Metaspace       used 67364K, committed 68032K, reserved 1114112K
  class space    used 8917K, committed 9216K, reserved 1048576K
}
Event: 1804.521 GC heap after
{Heap after GC invocations=16 (full 0):
 garbage-first heap   total 61440K, used 33224K [0x0000000704e00000, 0x0000000800000000)
  region size 2048K, 2 young (4096K), 2 survivors (4096K)
 Metaspace       used 67364K, committed 68032K, reserved 1114112K
  class space    used 8917K, committed 9216K, reserved 1048576K
}

Dll operation events (13 events):
Event: 0.034 Loaded shared library C:\Users\866247\Downloads\jdk-21.0.7_windows-x64_bin\jdk-21.0.7\bin\java.dll
Event: 0.200 Loaded shared library C:\Users\866247\Downloads\jdk-21.0.7_windows-x64_bin\jdk-21.0.7\bin\jsvml.dll
Event: 0.566 Loaded shared library C:\Users\866247\Downloads\jdk-21.0.7_windows-x64_bin\jdk-21.0.7\bin\zip.dll
Event: 0.576 Loaded shared library C:\Users\866247\Downloads\jdk-21.0.7_windows-x64_bin\jdk-21.0.7\bin\instrument.dll
Event: 0.591 Loaded shared library C:\Users\866247\Downloads\jdk-21.0.7_windows-x64_bin\jdk-21.0.7\bin\net.dll
Event: 0.595 Loaded shared library C:\Users\866247\Downloads\jdk-21.0.7_windows-x64_bin\jdk-21.0.7\bin\nio.dll
Event: 0.603 Loaded shared library C:\Users\866247\Downloads\jdk-21.0.7_windows-x64_bin\jdk-21.0.7\bin\zip.dll
Event: 0.882 Loaded shared library C:\Users\866247\Downloads\jdk-21.0.7_windows-x64_bin\jdk-21.0.7\bin\extnet.dll
Event: 0.999 Loaded shared library C:\Users\866247\Downloads\jdk-21.0.7_windows-x64_bin\jdk-21.0.7\bin\jimage.dll
Event: 4.156 Loaded shared library C:\Users\866247\Downloads\jdk-21.0.7_windows-x64_bin\jdk-21.0.7\bin\sunmscapi.dll
Event: 21.211 Loaded shared library C:\Users\866247\Downloads\jdk-21.0.7_windows-x64_bin\jdk-21.0.7\bin\management.dll
Event: 21.231 Loaded shared library C:\Users\866247\Downloads\jdk-21.0.7_windows-x64_bin\jdk-21.0.7\bin\management_ext.dll
Event: 29.361 Loaded shared library C:\Users\866247\Downloads\jdk-21.0.7_windows-x64_bin\jdk-21.0.7\bin\verify.dll

Deoptimization events (20 events):
Event: 58.733 Thread 0x0000021080d48c40 Uncommon trap: trap_request=0xffffffde fr.pc=0x000002109380fbb4 relative=0x0000000000004334
Event: 58.733 Thread 0x0000021080d48c40 Uncommon trap: reason=class_check action=maybe_recompile pc=0x000002109380fbb4 method=org.springframework.core.ResolvableType.resolveType()Lorg/springframework/core/ResolvableType; @ 44 c2
Event: 58.733 Thread 0x0000021080d48c40 DEOPT PACKING pc=0x000002109380fbb4 sp=0x000000ec4b6fe2d0
Event: 58.733 Thread 0x0000021080d48c40 DEOPT UNPACKING pc=0x0000021092e07da2 sp=0x000000ec4b6fe308 mode 2
Event: 58.733 Thread 0x0000021080d48c40 Uncommon trap: trap_request=0xffffffde fr.pc=0x000002109380fbb4 relative=0x0000000000004334
Event: 58.733 Thread 0x0000021080d48c40 Uncommon trap: reason=class_check action=maybe_recompile pc=0x000002109380fbb4 method=org.springframework.core.ResolvableType.resolveType()Lorg/springframework/core/ResolvableType; @ 44 c2
Event: 58.733 Thread 0x0000021080d48c40 DEOPT PACKING pc=0x000002109380fbb4 sp=0x000000ec4b6fe3b0
Event: 58.733 Thread 0x0000021080d48c40 DEOPT UNPACKING pc=0x0000021092e07da2 sp=0x000000ec4b6fe3e8 mode 2
Event: 58.734 Thread 0x0000021080d48c40 Uncommon trap: trap_request=0xffffffde fr.pc=0x000002109380fbb4 relative=0x0000000000004334
Event: 58.734 Thread 0x0000021080d48c40 Uncommon trap: reason=class_check action=maybe_recompile pc=0x000002109380fbb4 method=org.springframework.core.ResolvableType.resolveType()Lorg/springframework/core/ResolvableType; @ 44 c2
Event: 58.734 Thread 0x0000021080d48c40 DEOPT PACKING pc=0x000002109380fbb4 sp=0x000000ec4b6fe3b0
Event: 58.734 Thread 0x0000021080d48c40 DEOPT UNPACKING pc=0x0000021092e07da2 sp=0x000000ec4b6fe3e8 mode 2
Event: 58.734 Thread 0x0000021080d48c40 Uncommon trap: trap_request=0xffffffde fr.pc=0x000002109380fbb4 relative=0x0000000000004334
Event: 58.734 Thread 0x0000021080d48c40 Uncommon trap: reason=class_check action=maybe_recompile pc=0x000002109380fbb4 method=org.springframework.core.ResolvableType.resolveType()Lorg/springframework/core/ResolvableType; @ 44 c2
Event: 58.734 Thread 0x0000021080d48c40 DEOPT PACKING pc=0x000002109380fbb4 sp=0x000000ec4b6fe340
Event: 58.734 Thread 0x0000021080d48c40 DEOPT UNPACKING pc=0x0000021092e07da2 sp=0x000000ec4b6fe378 mode 2
Event: 1515.699 Thread 0x00000210e86982f0 Uncommon trap: trap_request=0xffffff45 fr.pc=0x000002109385212c relative=0x000000000000008c
Event: 1515.699 Thread 0x00000210e86982f0 Uncommon trap: reason=unstable_if action=reinterpret pc=0x000002109385212c method=jdk.internal.misc.Unsafe.getAndBitwiseAndInt(Ljava/lang/Object;JI)I @ 21 c2
Event: 1515.699 Thread 0x00000210e86982f0 DEOPT PACKING pc=0x000002109385212c sp=0x000000ec4cfff2d0
Event: 1515.700 Thread 0x00000210e86982f0 DEOPT UNPACKING pc=0x0000021092e07da2 sp=0x000000ec4cfff1d8 mode 2

Classes loaded (20 events):
Event: 58.738 Loading class java/util/IdentityHashMap$KeySpliterator
Event: 58.739 Loading class java/util/IdentityHashMap$IdentityHashMapSpliterator
Event: 58.739 Loading class java/util/IdentityHashMap$IdentityHashMapSpliterator done
Event: 58.739 Loading class java/util/IdentityHashMap$KeySpliterator done
Event: 1793.742 Loading class java/security/InvalidKeyException
Event: 1793.742 Loading class java/security/KeyException
Event: 1793.743 Loading class java/security/KeyException done
Event: 1793.743 Loading class java/security/InvalidKeyException done
Event: 1793.743 Loading class java/security/SignatureException
Event: 1793.743 Loading class java/security/SignatureException done
Event: 1793.743 Loading class java/security/spec/InvalidKeySpecException
Event: 1793.743 Loading class java/security/spec/InvalidKeySpecException done
Event: 1793.744 Loading class javax/crypto/NoSuchPaddingException
Event: 1793.744 Loading class javax/crypto/NoSuchPaddingException done
Event: 1793.744 Loading class javax/crypto/IllegalBlockSizeException
Event: 1793.744 Loading class javax/crypto/IllegalBlockSizeException done
Event: 1793.744 Loading class javax/crypto/BadPaddingException
Event: 1793.744 Loading class javax/crypto/BadPaddingException done
Event: 1793.745 Loading class javax/net/ssl/SSLSocket
Event: 1793.745 Loading class javax/net/ssl/SSLSocket done

Classes unloaded (0 events):
No events

Classes redefined (0 events):
No events

Internal exceptions (20 events):
Event: 54.872 Thread 0x0000021080d48c40 Exception <a 'java/lang/NoSuchMethodError'{0x00000007079ff4d0}: 'int java.lang.invoke.DirectMethodHandle$Holder.invokeStaticInit(java.lang.Object, int, java.lang.Object, java.lang.Object, java.lang.Object, java.lang.Object)'> (0x00000007079ff4d0) 
thrown [s\open\src\hotspot\share\interpreter\linkResolver.cpp, line 773]
Event: 55.999 Thread 0x0000021080d48c40 Exception <a 'java/io/FileNotFoundException'{0x0000000710e79b40}> (0x0000000710e79b40) 
thrown [s\open\src\hotspot\share\prims\jni.cpp, line 520]
Event: 56.001 Thread 0x0000021080d48c40 Exception <a 'java/io/FileNotFoundException'{0x0000000710e83b20}> (0x0000000710e83b20) 
thrown [s\open\src\hotspot\share\prims\jni.cpp, line 520]
Event: 56.123 Thread 0x0000021080d48c40 Implicit null exception at 0x000002109377a975 to 0x000002109377bd40
Event: 56.324 Thread 0x0000021080d48c40 Exception <a 'java/lang/NoSuchMethodError'{0x0000000710b90ae0}: 'java.lang.Object java.lang.invoke.DirectMethodHandle$Holder.newInvokeSpecial(java.lang.Object, java.lang.Object, java.lang.Object, java.lang.Object, java.lang.Object, java.lang.Object, java.lang.Object, java.lang.Object)'> (0x0000000710b90ae0) 
thrown [s\open\src\hotspot\share\interpreter\linkResolver.cpp, line 773]
Event: 56.342 Thread 0x0000021080d48c40 Exception <a 'java/io/IOException'{0x0000000710bd0040}> (0x0000000710bd0040) 
thrown [s\open\src\hotspot\share\prims\jni.cpp, line 520]
Event: 56.342 Thread 0x0000021080d48c40 Exception <a 'java/io/IOException'{0x0000000710bd0b68}> (0x0000000710bd0b68) 
thrown [s\open\src\hotspot\share\prims\jni.cpp, line 520]
Event: 56.804 Thread 0x0000021080d48c40 Exception <a 'java/io/IOException'{0x0000000707ecab08}> (0x0000000707ecab08) 
thrown [s\open\src\hotspot\share\prims\jni.cpp, line 520]
Event: 56.804 Thread 0x0000021080d48c40 Exception <a 'java/io/IOException'{0x0000000707ecb380}> (0x0000000707ecb380) 
thrown [s\open\src\hotspot\share\prims\jni.cpp, line 520]
Event: 57.605 Thread 0x0000021080d48c40 Exception <a 'java/lang/IncompatibleClassChangeError'{0x0000000710e26880}: Found class java.lang.Object, but interface was expected> (0x0000000710e26880) 
thrown [s\open\src\hotspot\share\interpreter\linkResolver.cpp, line 840]
Event: 58.132 Thread 0x0000021080d48c40 Exception <a 'java/lang/NoSuchMethodError'{0x0000000710855100}: 'void java.lang.invoke.DirectMethodHandle$Holder.invokeVirtual(java.lang.Object, java.lang.Object, long)'> (0x0000000710855100) 
thrown [s\open\src\hotspot\share\interpreter\linkResolver.cpp, line 773]
Event: 58.260 Thread 0x0000021080d48c40 Exception <a 'java/lang/NoSuchMethodError'{0x0000000707ec3918}: 'int java.lang.invoke.DirectMethodHandle$Holder.invokeStaticInit(java.lang.Object, java.lang.Object, java.lang.Object, java.lang.Object)'> (0x0000000707ec3918) 
thrown [s\open\src\hotspot\share\interpreter\linkResolver.cpp, line 773]
Event: 58.326 Thread 0x0000021080d48c40 Exception <a 'java/lang/NoSuchMethodError'{0x0000000707feb6a0}: 'java.lang.Object java.lang.invoke.Invokers$Holder.invoke_MT(java.lang.Object, java.lang.Object, java.lang.Object, java.lang.Object, java.lang.Object, java.lang.Object, java.lang.Object, java.lang.Object, java.lang.Object)'> (0x0000000707feb6a0) 
thrown [s\open\src\hotspot\share\interpreter\linkResolver.cpp, line 773]
Event: 58.383 Thread 0x0000021080d48c40 Exception <a 'java/lang/IncompatibleClassChangeError'{0x0000000707ca2990}: Found class java.lang.Object, but interface was expected> (0x0000000707ca2990) 
thrown [s\open\src\hotspot\share\interpreter\linkResolver.cpp, line 840]
Event: 58.469 Thread 0x0000021080d48c40 Exception <a 'java/lang/NoSuchMethodError'{0x0000000707df6c60}: 'java.lang.Object java.lang.invoke.Invokers$Holder.invoke_MT(java.lang.Object, java.lang.Object, java.lang.Object, java.lang.Object, java.lang.Object, java.lang.Object, java.lang.Object, java.lang.Object, java.lang.Object, java.lang.Object, java.lang.Object)'> (0x0000000707df6c60) 
thrown [s\open\src\hotspot\share\interpreter\linkResolver.cpp, line 773]
Event: 58.629 Thread 0x0000021080d48c40 Exception <a 'java/lang/NoSuchMethodError'{0x00000007078b8118}: 'java.lang.Object java.lang.invoke.DirectMethodHandle$Holder.newInvokeSpecial(java.lang.Object, java.lang.Object, int, java.lang.Object, java.lang.Object)'> (0x00000007078b8118) 
thrown [s\open\src\hotspot\share\interpreter\linkResolver.cpp, line 773]
Event: 58.700 Thread 0x0000021080d48c40 Exception <a 'java/io/IOException'{0x0000000707937160}> (0x0000000707937160) 
thrown [s\open\src\hotspot\share\prims\jni.cpp, line 520]
Event: 58.700 Thread 0x0000021080d48c40 Exception <a 'java/io/IOException'{0x0000000707937728}> (0x0000000707937728) 
thrown [s\open\src\hotspot\share\prims\jni.cpp, line 520]
Event: 58.731 Thread 0x0000021080d48c40 Exception <a 'java/io/IOException'{0x000000070765bd08}> (0x000000070765bd08) 
thrown [s\open\src\hotspot\share\prims\jni.cpp, line 520]
Event: 58.731 Thread 0x0000021080d48c40 Exception <a 'java/io/IOException'{0x000000070765c020}> (0x000000070765c020) 
thrown [s\open\src\hotspot\share\prims\jni.cpp, line 520]

ZGC Phase Switch (0 events):
No events

VM Operations (20 events):
Event: 338.227 Executing VM operation: Cleanup
Event: 338.227 Executing VM operation: Cleanup done
Event: 682.946 Executing VM operation: Cleanup
Event: 682.946 Executing VM operation: Cleanup done
Event: 685.965 Executing VM operation: Cleanup
Event: 685.965 Executing VM operation: Cleanup done
Event: 1156.046 Executing VM operation: Cleanup
Event: 1156.046 Executing VM operation: Cleanup done
Event: 1237.176 Executing VM operation: Cleanup
Event: 1237.177 Executing VM operation: Cleanup done
Event: 1793.751 Executing VM operation: HandshakeAllThreads (Deoptimize)
Event: 1793.751 Executing VM operation: HandshakeAllThreads (Deoptimize) done
Event: 1793.751 Executing VM operation: Cleanup
Event: 1793.751 Executing VM operation: Cleanup done
Event: 1794.782 Executing VM operation: Cleanup
Event: 1794.782 Executing VM operation: Cleanup done
Event: 1795.803 Executing VM operation: Cleanup
Event: 1795.803 Executing VM operation: Cleanup done
Event: 1804.493 Executing VM operation: G1CollectForAllocation (G1 Evacuation Pause)
Event: 1804.521 Executing VM operation: G1CollectForAllocation (G1 Evacuation Pause) done

Events (20 events):
Event: 56.919 Thread 0x00000210ec43bef0 Thread exited: 0x00000210ec43bef0
Event: 57.311 Thread 0x00000210eda56470 Thread added: 0x00000210eda56470
Event: 58.655 Thread 0x00000210e8696f40 Thread added: 0x00000210e8696f40
Event: 58.655 Thread 0x00000210e86975d0 Thread added: 0x00000210e86975d0
Event: 58.655 Thread 0x00000210ec1becc0 Thread added: 0x00000210ec1becc0
Event: 58.655 Thread 0x00000210ec1bf350 Thread added: 0x00000210ec1bf350
Event: 58.656 Thread 0x00000210ec1bd280 Thread added: 0x00000210ec1bd280
Event: 58.656 Thread 0x00000210ec1bf9e0 Thread added: 0x00000210ec1bf9e0
Event: 58.656 Thread 0x00000210ec1c0070 Thread added: 0x00000210ec1c0070
Event: 58.656 Thread 0x00000210ec1bcbf0 Thread added: 0x00000210ec1bcbf0
Event: 58.657 Thread 0x00000210ec1c0d90 Thread added: 0x00000210ec1c0d90
Event: 58.657 Thread 0x00000210ec1c0700 Thread added: 0x00000210ec1c0700
Event: 58.688 Thread 0x00000210ec1bd910 Thread added: 0x00000210ec1bd910
Event: 58.691 Thread 0x00000210ec1c1420 Thread added: 0x00000210ec1c1420
Event: 58.742 Thread 0x0000021080d48c40 Thread exited: 0x0000021080d48c40
Event: 58.742 Thread 0x00000210ec1bdfa0 Thread added: 0x00000210ec1bdfa0
Event: 63.904 Thread 0x00000210eda56470 Thread exited: 0x00000210eda56470
Event: 64.095 Thread 0x00000210e83bca80 Thread exited: 0x00000210e83bca80
Event: 1793.734 Thread 0x00000210ec1c1ab0 Thread added: 0x00000210ec1c1ab0
Event: 1793.763 Thread 0x00000210ec1be630 Thread added: 0x00000210ec1be630


Dynamic libraries:
0x00007ff6ee140000 - 0x00007ff6ee150000 	C:\Users\866247\Downloads\jdk-21.0.7_windows-x64_bin\jdk-21.0.7\bin\java.exe
0x00007ff8d02e0000 - 0x00007ff8d0549000 	C:\WINDOWS\SYSTEM32\ntdll.dll
0x00007ff8cf740000 - 0x00007ff8cf809000 	C:\WINDOWS\System32\KERNEL32.DLL
0x00007ff8cdcb0000 - 0x00007ff8ce0a3000 	C:\WINDOWS\System32\KERNELBASE.dll
0x00007ff8cd9b0000 - 0x00007ff8cdafb000 	C:\WINDOWS\System32\ucrtbase.dll
0x00007ff8c56e0000 - 0x00007ff8c56f9000 	C:\Users\866247\Downloads\jdk-21.0.7_windows-x64_bin\jdk-21.0.7\bin\jli.dll
0x00007ff8cf590000 - 0x00007ff8cf644000 	C:\WINDOWS\System32\ADVAPI32.dll
0x00007ff8d0170000 - 0x00007ff8d0219000 	C:\WINDOWS\System32\msvcrt.dll
0x00007ff8ce950000 - 0x00007ff8ce9f6000 	C:\WINDOWS\System32\sechost.dll
0x00007ff8ce730000 - 0x00007ff8ce848000 	C:\WINDOWS\System32\RPCRT4.dll
0x00007ff8cea00000 - 0x00007ff8cebc4000 	C:\WINDOWS\System32\USER32.dll
0x00007ff8cdc80000 - 0x00007ff8cdca7000 	C:\WINDOWS\System32\win32u.dll
0x00007ff8cf560000 - 0x00007ff8cf58b000 	C:\WINDOWS\System32\GDI32.dll
0x00007ff8cd720000 - 0x00007ff8cd84d000 	C:\WINDOWS\System32\gdi32full.dll
0x00007ff8cd670000 - 0x00007ff8cd713000 	C:\WINDOWS\System32\msvcp_win.dll
0x00007ff8bcbf0000 - 0x00007ff8bcc0b000 	C:\Users\866247\Downloads\jdk-21.0.7_windows-x64_bin\jdk-21.0.7\bin\VCRUNTIME140.dll
0x00007ff8a4740000 - 0x00007ff8a49d3000 	C:\WINDOWS\WinSxS\amd64_microsoft.windows.common-controls_6595b64144ccf1df_6.0.26100.5074_none_3e0d6f78e32fd63f\COMCTL32.dll
0x00007ff8bc450000 - 0x00007ff8bc45b000 	C:\WINDOWS\SYSTEM32\VERSION.dll
0x00007ff8cfac0000 - 0x00007ff8cfaef000 	C:\WINDOWS\System32\IMM32.DLL
0x000000006d810000 - 0x000000006d882000 	C:\WINDOWS\System32\QIPCAP64.dll
0x00007ff8cee10000 - 0x00007ff8cf55d000 	C:\WINDOWS\System32\SHELL32.dll
0x00007ff8cd470000 - 0x00007ff8cd5dc000 	C:\WINDOWS\System32\wintypes.dll
0x00007ff8ce0b0000 - 0x00007ff8ce42b000 	C:\WINDOWS\System32\combase.dll
0x00007ff8cb970000 - 0x00007ff8cba96000 	C:\WINDOWS\SYSTEM32\DNSAPI.dll
0x00007ff8cb930000 - 0x00007ff8cb964000 	C:\WINDOWS\SYSTEM32\IPHLPAPI.DLL
0x00007ff8cfb00000 - 0x00007ff8cfb0a000 	C:\WINDOWS\System32\NSI.dll
0x00007ff8c56d0000 - 0x00007ff8c56dc000 	C:\Users\866247\Downloads\jdk-21.0.7_windows-x64_bin\jdk-21.0.7\bin\vcruntime140_1.dll
0x00007ff8b0450000 - 0x00007ff8b04de000 	C:\Users\866247\Downloads\jdk-21.0.7_windows-x64_bin\jdk-21.0.7\bin\msvcp140.dll
0x00007ff827e10000 - 0x00007ff828b2a000 	C:\Users\866247\Downloads\jdk-21.0.7_windows-x64_bin\jdk-21.0.7\bin\server\jvm.dll
0x00007ff8ce6b0000 - 0x00007ff8ce724000 	C:\WINDOWS\System32\WS2_32.dll
0x00007ff8cd2d0000 - 0x00007ff8cd32e000 	C:\WINDOWS\SYSTEM32\POWRPROF.dll
0x00007ff8c2e50000 - 0x00007ff8c2e85000 	C:\WINDOWS\SYSTEM32\WINMM.dll
0x00007ff8cd2b0000 - 0x00007ff8cd2c4000 	C:\WINDOWS\SYSTEM32\UMPDC.dll
0x00007ff8cc120000 - 0x00007ff8cc13b000 	C:\WINDOWS\SYSTEM32\kernel.appcore.dll
0x00007ff8c55f0000 - 0x00007ff8c55fa000 	C:\Users\866247\Downloads\jdk-21.0.7_windows-x64_bin\jdk-21.0.7\bin\jimage.dll
0x00007ff8ca880000 - 0x00007ff8caac2000 	C:\WINDOWS\SYSTEM32\DBGHELP.DLL
0x0000021082ad0000 - 0x0000021082ba7000 	C:\WINDOWS\System32\OLEAUT32.dll
0x00007ff8a37a0000 - 0x00007ff8a37dd000 	C:\WINDOWS\SYSTEM32\dbgcore.DLL
0x00007ff8cd910000 - 0x00007ff8cd9a9000 	C:\WINDOWS\System32\bcryptPrimitives.dll
0x00007ff8bcd30000 - 0x00007ff8bcd3f000 	C:\Users\866247\Downloads\jdk-21.0.7_windows-x64_bin\jdk-21.0.7\bin\instrument.dll
0x00007ff8bcab0000 - 0x00007ff8bcacf000 	C:\Users\866247\Downloads\jdk-21.0.7_windows-x64_bin\jdk-21.0.7\bin\java.dll
0x00007ff8cac40000 - 0x00007ff8cb499000 	C:\WINDOWS\SYSTEM32\windows.storage.dll
0x00007ff8cf9b0000 - 0x00007ff8cfaa0000 	C:\WINDOWS\System32\SHCORE.dll
0x00007ff8cfb80000 - 0x00007ff8cfbe2000 	C:\WINDOWS\System32\shlwapi.dll
0x00007ff8cd390000 - 0x00007ff8cd3b9000 	C:\WINDOWS\SYSTEM32\profapi.dll
0x00007ff8651f0000 - 0x00007ff8652c7000 	C:\Users\866247\Downloads\jdk-21.0.7_windows-x64_bin\jdk-21.0.7\bin\jsvml.dll
0x00007ff8b0500000 - 0x00007ff8b0518000 	C:\Users\866247\Downloads\jdk-21.0.7_windows-x64_bin\jdk-21.0.7\bin\zip.dll
0x00007ff8bcbe0000 - 0x00007ff8bcbf0000 	C:\Users\866247\Downloads\jdk-21.0.7_windows-x64_bin\jdk-21.0.7\bin\net.dll
0x00007ff8cc140000 - 0x00007ff8cc25f000 	C:\WINDOWS\SYSTEM32\WINHTTP.dll
0x00007ff8cc7d0000 - 0x00007ff8cc83b000 	C:\WINDOWS\system32\mswsock.dll
0x00007ff8b04e0000 - 0x00007ff8b04f6000 	C:\Users\866247\Downloads\jdk-21.0.7_windows-x64_bin\jdk-21.0.7\bin\nio.dll
0x00007ff8bcae0000 - 0x00007ff8bcae9000 	C:\Users\866247\Downloads\jdk-21.0.7_windows-x64_bin\jdk-21.0.7\bin\extnet.dll
0x00007ff8bcaa0000 - 0x00007ff8bcaae000 	C:\Users\866247\Downloads\jdk-21.0.7_windows-x64_bin\jdk-21.0.7\bin\sunmscapi.dll
0x00007ff8ccc90000 - 0x00007ff8cccc0000 	C:\WINDOWS\SYSTEM32\ncrypt.dll
0x00000210a29e0000 - 0x00000210a2b57000 	C:\WINDOWS\System32\CRYPT32.dll
0x00007ff8ccc40000 - 0x00007ff8ccc7f000 	C:\WINDOWS\SYSTEM32\NTASN1.dll
0x00007ff8cca70000 - 0x00007ff8cca8b000 	C:\WINDOWS\SYSTEM32\CRYPTSP.dll
0x00007ff8cc080000 - 0x00007ff8cc0bb000 	C:\WINDOWS\system32\rsaenh.dll
0x00007ff8cc870000 - 0x00007ff8cc89b000 	C:\WINDOWS\SYSTEM32\USERENV.dll
0x00007ff8cd360000 - 0x00007ff8cd386000 	C:\WINDOWS\SYSTEM32\bcrypt.dll
0x00007ff8cca90000 - 0x00007ff8cca9c000 	C:\WINDOWS\SYSTEM32\CRYPTBASE.dll
0x00007ff8a8bd0000 - 0x00007ff8a8bda000 	C:\Users\866247\Downloads\jdk-21.0.7_windows-x64_bin\jdk-21.0.7\bin\management.dll
0x00007ff8a2e00000 - 0x00007ff8a2e0b000 	C:\Users\866247\Downloads\jdk-21.0.7_windows-x64_bin\jdk-21.0.7\bin\management_ext.dll
0x00007ff8cfab0000 - 0x00007ff8cfab8000 	C:\WINDOWS\System32\PSAPI.DLL
0x00007ff8a2d50000 - 0x00007ff8a2d60000 	C:\Users\866247\Downloads\jdk-21.0.7_windows-x64_bin\jdk-21.0.7\bin\verify.dll
0x00007ff8c2790000 - 0x00007ff8c279b000 	C:\Windows\System32\rasadhlp.dll
0x00007ff8c4c90000 - 0x00007ff8c4d16000 	C:\WINDOWS\System32\fwpuclnt.dll
0x00007ff8aef60000 - 0x00007ff8aef68000 	C:\WINDOWS\system32\wshunix.dll

dbghelp: loaded successfully - version: 4.0.5 - missing functions: none
symbol engine: initialized successfully - sym options: 0x614 - pdb path: .;C:\Users\866247\Downloads\jdk-21.0.7_windows-x64_bin\jdk-21.0.7\bin;C:\WINDOWS\SYSTEM32;C:\WINDOWS\WinSxS\amd64_microsoft.windows.common-controls_6595b64144ccf1df_6.0.26100.5074_none_3e0d6f78e32fd63f;C:\Users\866247\Downloads\jdk-21.0.7_windows-x64_bin\jdk-21.0.7\bin\server

VM Arguments:
jvm_args: -javaagent:C:\Program Files\JetBrains\IntelliJ IDEA Community Edition 2025.1.2\lib\idea_rt.jar=56408 -Dfile.encoding=UTF-8 -Dsun.stdout.encoding=UTF-8 -Dsun.stderr.encoding=UTF-8 
java_command: com.example.event_management.EventManagementApplication
java_class_path (initial): D:\xampp\htdocs\projects\self\event-managment\event-managment-backend\target\classes;C:\Users\866247\.m2\repository\org\springframework\boot\spring-boot-starter-data-jpa\3.4.5\spring-boot-starter-data-jpa-3.4.5.jar;C:\Users\866247\.m2\repository\org\springframework\boot\spring-boot-starter\3.4.5\spring-boot-starter-3.4.5.jar;C:\Users\866247\.m2\repository\org\springframework\boot\spring-boot\3.4.5\spring-boot-3.4.5.jar;C:\Users\866247\.m2\repository\org\springframework\boot\spring-boot-autoconfigure\3.4.5\spring-boot-autoconfigure-3.4.5.jar;C:\Users\866247\.m2\repository\org\springframework\boot\spring-boot-starter-logging\3.4.5\spring-boot-starter-logging-3.4.5.jar;C:\Users\866247\.m2\repository\ch\qos\logback\logback-classic\1.5.18\logback-classic-1.5.18.jar;C:\Users\866247\.m2\repository\ch\qos\logback\logback-core\1.5.18\logback-core-1.5.18.jar;C:\Users\866247\.m2\repository\org\apache\logging\log4j\log4j-to-slf4j\2.24.3\log4j-to-slf4j-2.24.3.jar;C:\Users\866247\.m2\repository\org\apache\logging\log4j\log4j-api\2.24.3\log4j-api-2.24.3.jar;C:\Users\866247\.m2\repository\org\slf4j\jul-to-slf4j\2.0.17\jul-to-slf4j-2.0.17.jar;C:\Users\866247\.m2\repository\jakarta\annotation\jakarta.annotation-api\2.1.1\jakarta.annotation-api-2.1.1.jar;C:\Users\866247\.m2\repository\org\yaml\snakeyaml\2.3\snakeyaml-2.3.jar;C:\Users\866247\.m2\repository\org\springframework\boot\spring-boot-starter-jdbc\3.4.5\spring-boot-starter-jdbc-3.4.5.jar;C:\Users\866247\.m2\repository\com\zaxxer\HikariCP\5.1.0\HikariCP-5.1.0.jar;C:\Users\866247\.m2\repository\org\springframework\spring-jdbc\6.2.6\spring-jdbc-6.2.6.jar;C:\Users\866247\.m2\repository\org\hibernate\orm\hibernate-core\6.6.13.Final\hibernate-core-6.6.13.Final.jar;C:\Users\866247\.m2\repository\jakarta\persistence\jakarta.persistence-api\3.1.0\jakarta.persistence-api-3.1.0.jar;C:\Users\866247\.m2\repository\jakarta\transaction\jakarta.transaction-api\2.0.1\jakarta.transaction-api-2.0.1.jar;C:\Users\866247\.m2\repository\org\jboss\logging\jboss-logging\3.6.1.Final\jboss-logging-3.6.1.Final.jar;C:\Users\866247\.m2\repository\org\hibernate\common\hibernate-commons-annotations\7.0.3.Final\hibernate-commons-annotations-7.0.3.Final.jar;C:\Users\866247\.m2\repository\io\smallrye\jandex\3.2.0\jandex-3.2.0.jar;C:\Users\866247\.m2\repository\com\fasterxml\classmate\1.7.0\classmate-1.7.0.jar;C:\Users\866247\.m2\repository\net\bytebuddy\byte-buddy\1.15.11\byte-buddy-1.15.11.jar;C:\Users\866247\.m2\repository\org\glassfish\jaxb\jaxb-runtime\4.0.5\jaxb-runtime-4.0.5.jar;C:\Users\866247\.m2\repository\org\glassfish\jaxb\jaxb-core\4.0.5\jaxb-core-4.0.5.jar;C:\Users\866247\.m2\repository\org\glassfish\jaxb\txw2\4.0.5\txw2-4.0.5.jar;C:\Users\866247\.m2\repository\com\sun\istack\istack-commons-runtime\4.1.2\istack-commons-runtime-4.1.2.jar;C:\Users\866247\.m2\repository\jakarta\inject\jakarta.inject-api\2.0.1\jakarta.inject-api-2.0.1.jar;C:\Users\866247\.m2\repository\org\antlr\antlr4-runtime\4.13.0\antlr4-runtime-4.13.0.jar;C:\Users\866247\.m2\repository\org\springframework\data\spring-data-jpa\3.4.5\spring-data-jpa-3.4.5.jar;C:\Users\866247\.m2\repository\org\springframework\data\spring-data-commons\3.4.5\spring-data-commons-3.4.5.jar;C:\Users\866247\.m2\repository\org\springframework\spring-orm\6.2.6\spring-orm-6.2.6.jar;C:\Users\866247\.m2\repository\org\springframework\spring-context\6.2.6\spring-context-6.2.6.jar;C:\Users\866247\.m2\repository\org\springframework\spring-tx\6.2.6\spring-tx-6.2.6.jar;C:\Users\866247\.m2\repository\org\springframework\spring-beans\6.2.6\spring-beans-6.2.6.jar;C:\Users\866247\.m2\repository\org\slf4j\slf4j-api\2.0.17\slf4j-api-2.0.17.jar;C:\Users\866247\.m2\repository\org\springframework\spring-aspects\6.2.6\spring-aspects-6.2.6.jar;C:\Users\866247\.m2\repository\org\aspectj\aspectjweaver\1.9.24\aspectjweaver-1.9.24.jar;C:\Users\866247\.m2\repository\commons-io\commons-io\2.19.0\commons-io-2.19.0.jar;C:\Users\866247\.m2\repository\org\springframework\boot\spring-boot-starter-web\3.4.5\spring-boot-starter-web-3.4.5.jar;C:\Users\866247\.m2\repository\org\springframework\boot\spring-boot-starter-json\3.4.5\spring-boot-starter-json-3.4.5.jar;C:\Users\866247\.m2\repository\com\fasterxml\jackson\core\jackson-databind\2.18.3\jackson-databind-2.18.3.jar;C:\Users\866247\.m2\repository\com\fasterxml\jackson\core\jackson-annotations\2.18.3\jackson-annotations-2.18.3.jar;C:\Users\866247\.m2\repository\com\fasterxml\jackson\core\jackson-core\2.18.3\jackson-core-2.18.3.jar;C:\Users\866247\.m2\repository\com\fasterxml\jackson\datatype\jackson-datatype-jdk8\2.18.3\jackson-datatype-jdk8-2.18.3.jar;C:\Users\866247\.m2\repository\com\fasterxml\jackson\datatype\jackson-datatype-jsr310\2.18.3\jackson-datatype-jsr310-2.18.3.jar;C:\Users\866247\.m2\repository\com\fasterxml\jackson\module\jackson-module-parameter-names\2.18.3\jackson-module-parameter-names-2.18.3.jar;C:\Users\866247\.m2\repository\org\springframework\boot\spring-boot-starter-tomcat\3.4.5\spring-boot-starter-tomcat-3.4.5.jar;C:\Users\866247\.m2\repository\org\apache\tomcat\embed\tomcat-embed-core\10.1.40\tomcat-embed-core-10.1.40.jar;C:\Users\866247\.m2\repository\org\apache\tomcat\embed\tomcat-embed-el\10.1.40\tomcat-embed-el-10.1.40.jar;C:\Users\866247\.m2\repository\org\apache\tomcat\embed\tomcat-embed-websocket\10.1.40\tomcat-embed-websocket-10.1.40.jar;C:\Users\866247\.m2\repository\org\springframework\spring-web\6.2.6\spring-web-6.2.6.jar;C:\Users\866247\.m2\repository\io\micrometer\micrometer-observation\1.14.6\micrometer-observation-1.14.6.jar;C:\Users\866247\.m2\repository\io\micrometer\micrometer-commons\1.14.6\micrometer-commons-1.14.6.jar;C:\Users\866247\.m2\repository\org\springframework\spring-webmvc\6.2.6\spring-webmvc-6.2.6.jar;C:\Users\866247\.m2\repository\org\springframework\spring-expression\6.2.6\spring-expression-6.2.6.jar;C:\Users\866247\.m2\repository\org\springframework\boot\spring-boot-starter-security\3.4.5\spring-boot-starter-security-3.4.5.jar;C:\Users\866247\.m2\repository\org\springframework\spring-aop\6.2.6\spring-aop-6.2.6.jar;C:\Users\866247\.m2\repository\org\springframework\security\spring-security-config\6.4.5\spring-security-config-6.4.5.jar;C:\Users\866247\.m2\repository\org\springframework\security\spring-security-web\6.4.5\spring-security-web-6.4.5.jar;C:\Users\866247\.m2\repository\com\mysql\mysql-connector-j\9.1.0\mysql-connector-j-9.1.0.jar;C:\Users\866247\.m2\repository\org\projectlombok\lombok\1.18.38\lombok-1.18.38.jar;C:\Users\866247\.m2\repository\jakarta\xml\bind\jakarta.xml.bind-api\4.0.2\jakarta.xml.bind-api-4.0.2.jar;C:\Users\866247\.m2\repository\jakarta\activation\jakarta.activation-api\2.1.3\jakarta.activation-api-2.1.3.jar;C:\Users\866247\.m2\repository\org\springframework\spring-core\6.2.6\spring-core-6.2.6.jar;C:\Users\866247\.m2\repository\org\springframework\spring-jcl\6.2.6\spring-jcl-6.2.6.jar;C:\Users\866247\.m2\repository\org\springframework\security\spring-security-core\6.4.5\spring-security-core-6.4.5.jar;C:\Users\866247\.m2\repository\org\springframework\security\spring-security-crypto\6.4.5\spring-security-crypto-6.4.5.jar;C:\Users\866247\.m2\repository\com\google\zxing\core\3.5.1\core-3.5.1.jar;C:\Users\866247\.m2\repository\com\google\zxing\javase\3.5.1\javase-3.5.1.jar;C:\Users\866247\.m2\repository\com\beust\jcommander\1.82\jcommander-1.82.jar;C:\Users\866247\.m2\repository\com\github\jai-imageio\jai-imageio-core\1.4.0\jai-imageio-core-1.4.0.jar;C:\Users\866247\.m2\repository\org\springframework\boot\spring-boot-starter-mail\3.4.5\spring-boot-starter-mail-3.4.5.jar;C:\Users\866247\.m2\repository\org\springframework\spring-context-support\6.2.6\spring-context-support-6.2.6.jar;C:\Users\866247\.m2\repository\org\eclipse\angus\jakarta.mail\2.0.3\jakarta.mail-2.0.3.jar;C:\Users\866247\.m2\repository\org\eclipse\angus\angus-activation\2.0.2\angus-activation-2.0.2.jar
Launcher Type: SUN_STANDARD

[Global flags]
     intx CICompilerCount                          = 4                                         {product} {ergonomic}
     uint ConcGCThreads                            = 2                                         {product} {ergonomic}
     uint G1ConcRefinementThreads                  = 8                                         {product} {ergonomic}
   size_t G1HeapRegionSize                         = 2097152                                   {product} {ergonomic}
    uintx GCDrainStackTargetSize                   = 64                                        {product} {ergonomic}
   size_t InitialHeapSize                          = 264241152                                 {product} {ergonomic}
   size_t MarkStackSize                            = 4194304                                   {product} {ergonomic}
   size_t MaxHeapSize                              = 4213178368                                {product} {ergonomic}
   size_t MaxNewSize                               = 2527068160                                {product} {ergonomic}
   size_t MinHeapDeltaBytes                        = 2097152                                   {product} {ergonomic}
   size_t MinHeapSize                              = 8388608                                   {product} {ergonomic}
    uintx NonNMethodCodeHeapSize                   = 5839372                                {pd product} {ergonomic}
    uintx NonProfiledCodeHeapSize                  = 122909434                              {pd product} {ergonomic}
    uintx ProfiledCodeHeapSize                     = 122909434                              {pd product} {ergonomic}
    uintx ReservedCodeCacheSize                    = 251658240                              {pd product} {ergonomic}
     bool SegmentedCodeCache                       = true                                      {product} {ergonomic}
   size_t SoftMaxHeapSize                          = 4213178368                             {manageable} {ergonomic}
     bool UseCompressedOops                        = true                           {product lp64_product} {ergonomic}
     bool UseG1GC                                  = true                                      {product} {ergonomic}
     bool UseLargePagesIndividualAllocation        = false                                  {pd product} {ergonomic}

Logging:
Log output configuration:
 #0: stdout all=warning uptime,level,tags foldmultilines=false
 #1: stderr all=off uptime,level,tags foldmultilines=false

Environment Variables:
JAVA_HOME=C:\Program Files\Java\jdk-21
PATH=C:\Program Files\Java\jdk-21;D:\apache-maven-3.9.9;C:\Program Files\Python313\Scripts\;C:\Program Files\Python313\;C:\Program Files\Common Files\Oracle\Java\javapath;C:\Python313\Scripts\;C:\Python313\;C:\WINDOWS\system32;C:\WINDOWS;C:\WINDOWS\System32\Wbem;C:\WINDOWS\System32\WindowsPowerShell\v1.0\;C:\WINDOWS\System32\OpenSSH\;C:\Program Files\Git\cmd;C:\Program Files\RedHat\java-11-openjdk-11.0.16-1\bin;C:\Program Files\nodejs\;C:\ProgramData\chocolatey\bin;C:\ProgramData\ComposerSetup\bin;C:\Program Files (x86)\Microsoft SQL Server\160\DTS\Binn\;C:\Program Files\Azure Data Studio\bin;C:\Users\866247\AppData\Local\Microsoft\WindowsApps;D:\xampp\php;C:\oracle\instantclient_12_1;C:\Users\866247\AppData\Local\Programs\Microsoft VS Code\bin;D:\apache-maven\bin;D:\apache-maven;C:\Program Files\Java\jdk-21\bin;C:\Users\866247\AppData\Roaming\npm;
USERNAME=866247
OS=Windows_NT
PROCESSOR_IDENTIFIER=Intel64 Family 6 Model 140 Stepping 1, GenuineIntel
TMP=C:\Users\866247\AppData\Local\Temp
TEMP=C:\Users\866247\AppData\Local\Temp




Periodic native trim disabled

---------------  S Y S T E M  ---------------

OS:
 Windows 11 , 64 bit Build 26100 (10.0.26100.5074)
OS uptime: 0 days 4:07 hours

CPU: total 8 (initial active 8) (4 cores per cpu, 2 threads per core) family 6 model 140 stepping 1 microcode 0xbc, cx8, cmov, fxsr, ht, mmx, 3dnowpref, sse, sse2, sse3, ssse3, sse4.1, sse4.2, popcnt, lzcnt, tsc, tscinvbit, avx, avx2, aes, erms, clmul, bmi1, bmi2, adx, avx512f, avx512dq, avx512cd, avx512bw, avx512vl, sha, fma, vzeroupper, avx512_vpopcntdq, avx512_vpclmulqdq, avx512_vaes, avx512_vnni, clflush, clflushopt, clwb, avx512_vbmi2, avx512_vbmi, rdtscp, rdpid, fsrm, gfni, avx512_bitalg, f16c, pku, cet_ibt, cet_ss, avx512_ifma
Processor Information for all 8 processors :
  Max Mhz: 2419, Current Mhz: 2419, Mhz Limit: 2419

Memory: 4k page, system-wide physical 16064M (3275M free)
TotalPageFile size 24000M (AvailPageFile size 7367M)
current process WorkingSet (physical memory assigned to process): 206M, peak: 285M
current process commit charge ("private bytes"): 275M, peak: 396M

vm_info: Java HotSpot(TM) 64-Bit Server VM (21.0.7+8-LTS-245) for windows-amd64 JRE (21.0.7+8-LTS-245), built on 2025-02-21T05:11:27Z by "mach5one" with MS VC++ 17.6 (VS2022)

END.
